Γ£à Memory tree refreshed: 7 model(s) loaded
[OK] Initialized file-based data store at: C:\_LOCAL\GitHub\IFCXPrototype\server\.\dataStores\fileBased\data
=== Simulating /api/components?entityTypes=IfcWall&models=HelloWall-01 ===

Step 1: Check condition
  component_guids: None
  component_types: None
  entity_types: ['IfcWall']
  -> Not branch 1 (no component_guids)

